\BOOKMARK [0][-]{chapter*.1}{\376\377\000A\000c\000k\000n\000o\000w\000l\000e\000d\000g\000e\000m\000e\000n\000t\000s}{}% 1
\BOOKMARK [0][-]{chapter*.2}{\376\377\000A\000b\000s\000t\000r\000a\000c\000t}{}% 2
\BOOKMARK [0][-]{chapter*.3}{\376\377\000R\000\351\000s\000u\000m\000\351\000\040\000\050\000F\000r\000e\000n\000c\000h\000\040\000S\000u\000m\000m\000a\000r\000y\000\051}{}% 3
\BOOKMARK [0][-]{chapter*.3}{\376\377\000L\000i\000s\000t\000\040\000o\000f\000\040\000F\000i\000g\000u\000r\000e\000s}{}% 4
\BOOKMARK [0][-]{chapter*.3}{\376\377\000L\000i\000s\000t\000\040\000o\000f\000\040\000T\000a\000b\000l\000e\000s}{}% 5
\BOOKMARK [0][-]{chapter*.4}{\376\377\000L\000i\000s\000t\000\040\000o\000f\000\040\000A\000b\000b\000r\000e\000v\000i\000a\000t\000i\000o\000n\000s\000\040\000a\000n\000d\000\040\000A\000c\000r\000o\000n\000y\000m\000s}{}% 6
\BOOKMARK [0][-]{chapter.1}{\376\377\0001\000\040\000I\000n\000t\000r\000o\000d\000u\000c\000t\000i\000o\000n}{}% 7
\BOOKMARK [1][-]{section.1.1}{\376\377\0001\000.\0001\000\040\000B\000a\000c\000k\000g\000r\000o\000u\000n\000d\000\040\000a\000n\000d\000\040\000M\000o\000t\000i\000v\000a\000t\000i\000o\000n}{chapter.1}% 8
\BOOKMARK [1][-]{section.1.2}{\376\377\0001\000.\0002\000\040\000P\000r\000o\000b\000l\000e\000m\000\040\000S\000t\000a\000t\000e\000m\000e\000n\000t}{chapter.1}% 9
\BOOKMARK [1][-]{section.1.3}{\376\377\0001\000.\0003\000\040\000M\000e\000t\000h\000o\000d\000o\000l\000o\000g\000i\000c\000a\000l\000\040\000S\000t\000a\000n\000c\000e}{chapter.1}% 10
\BOOKMARK [1][-]{section.1.4}{\376\377\0001\000.\0004\000\040\000O\000b\000j\000e\000c\000t\000i\000v\000e\000s\000\040\000a\000n\000d\000\040\000C\000o\000n\000t\000r\000i\000b\000u\000t\000i\000o\000n\000s}{chapter.1}% 11
\BOOKMARK [1][-]{section.1.5}{\376\377\0001\000.\0005\000\040\000S\000c\000o\000p\000e\000\040\000a\000n\000d\000\040\000D\000e\000l\000i\000m\000i\000t\000a\000t\000i\000o\000n\000s}{chapter.1}% 12
\BOOKMARK [1][-]{section.1.6}{\376\377\0001\000.\0006\000\040\000R\000e\000p\000o\000r\000t\000\040\000S\000t\000r\000u\000c\000t\000u\000r\000e}{chapter.1}% 13
\BOOKMARK [0][-]{chapter.2}{\376\377\0002\000\040\000S\000t\000a\000t\000e\000\040\000o\000f\000\040\000t\000h\000e\000\040\000A\000r\000t}{}% 14
\BOOKMARK [1][-]{section.2.1}{\376\377\0002\000.\0001\000\040\000S\000c\000o\000p\000e\000\040\000a\000n\000d\000\040\000O\000r\000g\000a\000n\000i\000s\000a\000t\000i\000o\000n}{chapter.2}% 15
\BOOKMARK [1][-]{section.2.2}{\376\377\0002\000.\0002\000\040\000F\000r\000o\000m\000\040\000P\000a\000r\000a\000m\000e\000t\000r\000i\000c\000\040\000K\000n\000o\000w\000l\000e\000d\000g\000e\000\040\000t\000o\000\040\000R\000e\000t\000r\000i\000e\000v\000a\000l\000-\000A\000u\000g\000m\000e\000n\000t\000e\000d\000\040\000G\000e\000n\000e\000r\000a\000t\000i\000o\000n}{chapter.2}% 16
\BOOKMARK [1][-]{section.2.3}{\376\377\0002\000.\0003\000\040\000R\000e\000t\000r\000i\000e\000v\000a\000l\000\040\000o\000r\000\040\000P\000a\000r\000a\000m\000e\000t\000r\000i\000c\000\040\000A\000d\000a\000p\000t\000a\000t\000i\000o\000n\000?}{chapter.2}% 17
\BOOKMARK [1][-]{section.2.4}{\376\377\0002\000.\0004\000\040\000S\000p\000a\000r\000s\000e\000,\000\040\000D\000e\000n\000s\000e\000,\000\040\000a\000n\000d\000\040\000H\000y\000b\000r\000i\000d\000\040\000R\000e\000t\000r\000i\000e\000v\000a\000l}{chapter.2}% 18
\BOOKMARK [1][-]{section.2.5}{\376\377\0002\000.\0005\000\040\000E\000v\000i\000d\000e\000n\000c\000e\000\040\000G\000r\000a\000n\000u\000l\000a\000r\000i\000t\000y\000\040\000a\000n\000d\000\040\000D\000o\000c\000u\000m\000e\000n\000t\000\040\000H\000i\000e\000r\000a\000r\000c\000h\000y}{chapter.2}% 19
\BOOKMARK [1][-]{section.2.6}{\376\377\0002\000.\0006\000\040\000C\000r\000o\000s\000s\000-\000E\000n\000c\000o\000d\000e\000r\000\040\000R\000e\000r\000a\000n\000k\000i\000n\000g}{chapter.2}% 20
\BOOKMARK [1][-]{section.2.7}{\376\377\0002\000.\0007\000\040\000L\000e\000g\000a\000l\000\040\000a\000n\000d\000\040\000R\000e\000g\000u\000l\000a\000t\000o\000r\000y\000\040\000L\000a\000n\000g\000u\000a\000g\000e\000\040\000P\000r\000o\000c\000e\000s\000s\000i\000n\000g}{chapter.2}% 21
\BOOKMARK [1][-]{section.2.8}{\376\377\0002\000.\0008\000\040\000A\000t\000t\000r\000i\000b\000u\000t\000i\000o\000n\000,\000\040\000C\000i\000t\000a\000t\000i\000o\000n\000,\000\040\000a\000n\000d\000\040\000V\000e\000r\000i\000f\000i\000a\000b\000i\000l\000i\000t\000y}{chapter.2}% 22
\BOOKMARK [1][-]{section.2.9}{\376\377\0002\000.\0009\000\040\000S\000e\000l\000e\000c\000t\000i\000v\000e\000\040\000A\000n\000s\000w\000e\000r\000i\000n\000g\000,\000\040\000C\000a\000l\000i\000b\000r\000a\000t\000i\000o\000n\000,\000\040\000a\000n\000d\000\040\000E\000s\000c\000a\000l\000a\000t\000i\000o\000n}{chapter.2}% 23
\BOOKMARK [1][-]{section.2.10}{\376\377\0002\000.\0001\0000\000\040\000E\000v\000a\000l\000u\000a\000t\000i\000n\000g\000\040\000R\000e\000t\000r\000i\000e\000v\000a\000l\000\040\000a\000n\000d\000\040\000G\000e\000n\000e\000r\000a\000t\000i\000o\000n}{chapter.2}% 24
\BOOKMARK [1][-]{section.2.11}{\376\377\0002\000.\0001\0001\000\040\000B\000e\000n\000c\000h\000m\000a\000r\000k\000\040\000V\000a\000l\000i\000d\000i\000t\000y\000\040\000a\000n\000d\000\040\000R\000e\000v\000i\000e\000w\000e\000r\000\040\000A\000g\000r\000e\000e\000m\000e\000n\000t}{chapter.2}% 25
\BOOKMARK [1][-]{section.2.12}{\376\377\0002\000.\0001\0002\000\040\000A\000g\000e\000n\000t\000i\000c\000\040\000a\000n\000d\000\040\000M\000u\000l\000t\000i\000-\000S\000t\000e\000p\000\040\000R\000e\000t\000r\000i\000e\000v\000a\000l}{chapter.2}% 26
\BOOKMARK [1][-]{section.2.13}{\376\377\0002\000.\0001\0003\000\040\000P\000o\000s\000i\000t\000i\000o\000n\000i\000n\000g\000\040\000o\000f\000\040\000T\000h\000i\000s\000\040\000W\000o\000r\000k}{chapter.2}% 27
\BOOKMARK [0][-]{chapter.3}{\376\377\0003\000\040\000P\000r\000o\000j\000e\000c\000t\000\040\000C\000o\000n\000t\000e\000x\000t\000\040\000a\000n\000d\000\040\000S\000c\000o\000p\000e}{}% 28
\BOOKMARK [1][-]{section.3.1}{\376\377\0003\000.\0001\000\040\000H\000o\000s\000t\000\040\000O\000r\000g\000a\000n\000i\000s\000a\000t\000i\000o\000n\000\040\000a\000n\000d\000\040\000T\000e\000a\000m}{chapter.3}% 29
\BOOKMARK [1][-]{section.3.2}{\376\377\0003\000.\0002\000\040\000T\000h\000e\000\040\000R\000e\000g\000u\000l\000a\000t\000o\000r\000y\000\040\000D\000o\000m\000a\000i\000n}{chapter.3}% 30
\BOOKMARK [1][-]{section.3.3}{\376\377\0003\000.\0003\000\040\000I\000n\000t\000e\000n\000d\000e\000d\000\040\000U\000s\000e\000r\000s\000\040\000a\000n\000d\000\040\000U\000s\000e}{chapter.3}% 31
\BOOKMARK [1][-]{section.3.4}{\376\377\0003\000.\0004\000\040\000M\000i\000s\000s\000i\000o\000n\000\040\000a\000n\000d\000\040\000I\000t\000s\000\040\000R\000e\000v\000i\000s\000i\000o\000n}{chapter.3}% 32
\BOOKMARK [1][-]{section.3.5}{\376\377\0003\000.\0005\000\040\000D\000a\000t\000a\000\040\000a\000n\000d\000\040\000P\000r\000o\000v\000e\000n\000a\000n\000c\000e}{chapter.3}% 33
\BOOKMARK [1][-]{section.3.6}{\376\377\0003\000.\0006\000\040\000C\000o\000n\000s\000t\000r\000a\000i\000n\000t\000s}{chapter.3}% 34
\BOOKMARK [1][-]{section.3.7}{\376\377\0003\000.\0007\000\040\000I\000n\000f\000r\000a\000s\000t\000r\000u\000c\000t\000u\000r\000e}{chapter.3}% 35
\BOOKMARK [1][-]{section.3.8}{\376\377\0003\000.\0008\000\040\000G\000o\000v\000e\000r\000n\000a\000n\000c\000e\000\040\000a\000n\000d\000\040\000T\000r\000a\000c\000e\000a\000b\000i\000l\000i\000t\000y}{chapter.3}% 36
\BOOKMARK [1][-]{section.3.9}{\376\377\0003\000.\0009\000\040\000D\000e\000l\000i\000v\000e\000r\000a\000b\000l\000e\000\040\000S\000c\000h\000e\000d\000u\000l\000e}{chapter.3}% 37
\BOOKMARK [1][-]{section.3.10}{\376\377\0003\000.\0001\0000\000\040\000R\000i\000s\000k\000s\000\040\000a\000n\000d\000\040\000M\000i\000t\000i\000g\000a\000t\000i\000o\000n\000s}{chapter.3}% 38
\BOOKMARK [0][-]{chapter.4}{\376\377\0004\000\040\000M\000e\000t\000h\000o\000d\000o\000l\000o\000g\000y}{}% 39
\BOOKMARK [1][-]{section.4.1}{\376\377\0004\000.\0001\000\040\000R\000e\000s\000e\000a\000r\000c\000h\000\040\000D\000e\000s\000i\000g\000n}{chapter.4}% 40
\BOOKMARK [2][-]{subsection.4.1.1}{\376\377\0004\000.\0001\000.\0001\000\040\000D\000e\000s\000i\000g\000n\000\040\000P\000r\000i\000n\000c\000i\000p\000l\000e\000s}{section.4.1}% 41
\BOOKMARK [2][-]{subsection.4.1.2}{\376\377\0004\000.\0001\000.\0002\000\040\000E\000x\000p\000e\000r\000i\000m\000e\000n\000t\000\040\000L\000a\000d\000d\000e\000r}{section.4.1}% 42
\BOOKMARK [2][-]{subsection.4.1.3}{\376\377\0004\000.\0001\000.\0003\000\040\000U\000n\000i\000t\000\040\000o\000f\000\040\000A\000n\000a\000l\000y\000s\000i\000s}{section.4.1}% 43
\BOOKMARK [1][-]{section.4.2}{\376\377\0004\000.\0002\000\040\000C\000o\000r\000p\000u\000s\000\040\000C\000o\000n\000s\000t\000r\000u\000c\000t\000i\000o\000n}{chapter.4}% 44
\BOOKMARK [2][-]{subsection.4.2.1}{\376\377\0004\000.\0002\000.\0001\000\040\000D\000e\000f\000e\000c\000t\000s\000\040\000i\000n\000\040\000t\000h\000e\000\040\000H\000i\000s\000t\000o\000r\000i\000c\000a\000l\000\040\000C\000o\000r\000p\000u\000s}{section.4.2}% 45
\BOOKMARK [2][-]{subsection.4.2.2}{\376\377\0004\000.\0002\000.\0002\000\040\000S\000o\000u\000r\000c\000e\000\040\000S\000n\000a\000p\000s\000h\000o\000t\000\040\000a\000n\000d\000\040\000P\000r\000o\000v\000e\000n\000a\000n\000c\000e}{section.4.2}% 46
\BOOKMARK [2][-]{subsection.4.2.3}{\376\377\0004\000.\0002\000.\0003\000\040\000L\000e\000g\000a\000l\000\040\000I\000d\000e\000n\000t\000i\000t\000y}{section.4.2}% 47
\BOOKMARK [2][-]{subsection.4.2.4}{\376\377\0004\000.\0002\000.\0004\000\040\000P\000a\000r\000e\000n\000t\040\023\000C\000h\000i\000l\000d\000\040\000R\000e\000p\000r\000e\000s\000e\000n\000t\000a\000t\000i\000o\000n}{section.4.2}% 48
\BOOKMARK [2][-]{subsection.4.2.5}{\376\377\0004\000.\0002\000.\0005\000\040\000D\000e\000t\000e\000r\000m\000i\000n\000i\000s\000t\000i\000c\000\040\000V\000a\000l\000i\000d\000a\000t\000i\000o\000n}{section.4.2}% 49
\BOOKMARK [1][-]{section.4.3}{\376\377\0004\000.\0003\000\040\000B\000e\000n\000c\000h\000m\000a\000r\000k\000\040\000C\000o\000n\000s\000t\000r\000u\000c\000t\000i\000o\000n}{chapter.4}% 50
\BOOKMARK [2][-]{subsection.4.3.1}{\376\377\0004\000.\0003\000.\0001\000\040\000L\000e\000g\000a\000c\000y\000\040\000L\000i\000n\000e\000a\000g\000e}{section.4.3}% 51
\BOOKMARK [2][-]{subsection.4.3.2}{\376\377\0004\000.\0003\000.\0002\000\040\000E\000v\000i\000d\000e\000n\000c\000e\000\040\000A\000u\000d\000i\000t\000\040\000o\000f\000\040\000t\000h\000e\000\040\000S\000h\000a\000r\000e\000d\000\040\000E\000v\000a\000l\000u\000a\000t\000i\000o\000n\000\040\000S\000e\000t}{section.4.3}% 52
\BOOKMARK [2][-]{subsection.4.3.3}{\376\377\0004\000.\0003\000.\0003\000\040\000I\000n\000d\000e\000p\000e\000n\000d\000e\000n\000t\000\040\000M\000u\000l\000t\000i\000-\000R\000e\000v\000i\000e\000w\000e\000r\000\040\000V\000a\000l\000i\000d\000a\000t\000i\000o\000n}{section.4.3}% 53
\BOOKMARK [2][-]{subsection.4.3.4}{\376\377\0004\000.\0003\000.\0004\000\040\000P\000a\000r\000e\000n\000t\000-\000G\000r\000o\000u\000p\000e\000d\000\040\000P\000a\000r\000t\000i\000t\000i\000o\000n\000i\000n\000g}{section.4.3}% 54
\BOOKMARK [1][-]{section.4.4}{\376\377\0004\000.\0004\000\040\000R\000e\000t\000r\000i\000e\000v\000a\000l\000\040\000A\000r\000c\000h\000i\000t\000e\000c\000t\000u\000r\000e}{chapter.4}% 55
\BOOKMARK [2][-]{subsection.4.4.1}{\376\377\0004\000.\0004\000.\0001\000\040\000D\000e\000n\000s\000e\000\040\000R\000e\000t\000r\000i\000e\000v\000a\000l}{section.4.4}% 56
\BOOKMARK [2][-]{subsection.4.4.2}{\376\377\0004\000.\0004\000.\0002\000\040\000L\000e\000x\000i\000c\000a\000l\000\040\000R\000e\000t\000r\000i\000e\000v\000a\000l}{section.4.4}% 57
\BOOKMARK [2][-]{subsection.4.4.3}{\376\377\0004\000.\0004\000.\0003\000\040\000R\000a\000n\000k\000\040\000F\000u\000s\000i\000o\000n}{section.4.4}% 58
\BOOKMARK [2][-]{subsection.4.4.4}{\376\377\0004\000.\0004\000.\0004\000\040\000C\000r\000o\000s\000s\000-\000E\000n\000c\000o\000d\000e\000r\000\040\000R\000e\000r\000a\000n\000k\000i\000n\000g}{section.4.4}% 59
\BOOKMARK [1][-]{section.4.5}{\376\377\0004\000.\0005\000\040\000C\000o\000n\000t\000e\000x\000t\000\040\000C\000o\000n\000s\000t\000r\000u\000c\000t\000i\000o\000n\000\040\000a\000n\000d\000\040\000t\000h\000e\000\040\000G\000e\000n\000e\000r\000a\000t\000i\000o\000n\000\040\000C\000o\000n\000t\000r\000a\000c\000t}{chapter.4}% 60
\BOOKMARK [2][-]{subsection.4.5.1}{\376\377\0004\000.\0005\000.\0001\000\040\000C\000o\000n\000t\000e\000x\000t\000\040\000S\000e\000l\000e\000c\000t\000i\000o\000n}{section.4.5}% 61
\BOOKMARK [2][-]{subsection.4.5.2}{\376\377\0004\000.\0005\000.\0002\000\040\000A\000n\000s\000w\000e\000r\000\040\000S\000c\000h\000e\000m\000a}{section.4.5}% 62
\BOOKMARK [2][-]{subsection.4.5.3}{\376\377\0004\000.\0005\000.\0003\000\040\000P\000r\000o\000m\000p\000t\000\040\000C\000o\000n\000t\000r\000a\000c\000t}{section.4.5}% 63
\BOOKMARK [1][-]{section.4.6}{\376\377\0004\000.\0006\000\040\000V\000e\000r\000i\000f\000i\000c\000a\000t\000i\000o\000n\000\040\000a\000n\000d\000\040\000S\000e\000l\000e\000c\000t\000i\000v\000e\000\040\000A\000n\000s\000w\000e\000r\000i\000n\000g}{chapter.4}% 64
\BOOKMARK [2][-]{subsection.4.6.1}{\376\377\0004\000.\0006\000.\0001\000\040\000S\000t\000r\000u\000c\000t\000u\000r\000a\000l\000\040\000V\000e\000r\000i\000f\000i\000c\000a\000t\000i\000o\000n}{section.4.6}% 65
\BOOKMARK [2][-]{subsection.4.6.2}{\376\377\0004\000.\0006\000.\0002\000\040\000T\000h\000e\000\040\000L\000i\000m\000i\000t\000s\000\040\000o\000f\000\040\000S\000t\000r\000u\000c\000t\000u\000r\000a\000l\000\040\000V\000e\000r\000i\000f\000i\000c\000a\000t\000i\000o\000n}{section.4.6}% 66
\BOOKMARK [2][-]{subsection.4.6.3}{\376\377\0004\000.\0006\000.\0003\000\040\000S\000e\000l\000e\000c\000t\000i\000v\000e\000\040\000A\000n\000s\000w\000e\000r\000i\000n\000g}{section.4.6}% 67
\BOOKMARK [1][-]{section.4.7}{\376\377\0004\000.\0007\000\040\000E\000s\000c\000a\000l\000a\000t\000i\000o\000n\000\040\000P\000o\000l\000i\000c\000y\000\040\000a\000n\000d\000\040\000I\000t\000s\000\040\000C\000a\000l\000i\000b\000r\000a\000t\000i\000o\000n}{chapter.4}% 68
\BOOKMARK [1][-]{section.4.8}{\376\377\0004\000.\0008\000\040\000E\000v\000a\000l\000u\000a\000t\000i\000o\000n\000\040\000M\000e\000a\000s\000u\000r\000e\000s}{chapter.4}% 69
\BOOKMARK [2][-]{subsection.4.8.1}{\376\377\0004\000.\0008\000.\0001\000\040\000R\000e\000t\000r\000i\000e\000v\000a\000l\000\040\000M\000e\000a\000s\000u\000r\000e\000s}{section.4.8}% 70
\BOOKMARK [2][-]{subsection.4.8.2}{\376\377\0004\000.\0008\000.\0002\000\040\000G\000e\000n\000e\000r\000a\000t\000i\000o\000n\000\040\000M\000e\000a\000s\000u\000r\000e\000s}{section.4.8}% 71
\BOOKMARK [2][-]{subsection.4.8.3}{\376\377\0004\000.\0008\000.\0003\000\040\000S\000t\000a\000t\000i\000s\000t\000i\000c\000a\000l\000\040\000T\000r\000e\000a\000t\000m\000e\000n\000t}{section.4.8}% 72
\BOOKMARK [1][-]{section.4.9}{\376\377\0004\000.\0009\000\040\000T\000h\000r\000e\000a\000t\000s\000\040\000t\000o\000\040\000V\000a\000l\000i\000d\000i\000t\000y}{chapter.4}% 73
\BOOKMARK [1][-]{section.4.10}{\376\377\0004\000.\0001\0000\000\040\000R\000e\000p\000r\000o\000d\000u\000c\000i\000b\000i\000l\000i\000t\000y\000\040\000a\000n\000d\000\040\000A\000u\000d\000i\000t\000\040\000T\000r\000a\000i\000l}{chapter.4}% 74
\BOOKMARK [1][-]{section.4.11}{\376\377\0004\000.\0001\0001\000\040\000E\000t\000h\000i\000c\000a\000l\000\040\000a\000n\000d\000\040\000P\000r\000o\000f\000e\000s\000s\000i\000o\000n\000a\000l\000\040\000C\000o\000n\000s\000i\000d\000e\000r\000a\000t\000i\000o\000n\000s}{chapter.4}% 75
\BOOKMARK [0][-]{chapter.5}{\376\377\0005\000\040\000R\000e\000s\000u\000l\000t\000s\000\040\000a\000n\000d\000\040\000A\000n\000a\000l\000y\000s\000i\000s}{}% 76
\BOOKMARK [1][-]{section.5.1}{\376\377\0005\000.\0001\000\040\000O\000v\000e\000r\000v\000i\000e\000w}{chapter.5}% 77
\BOOKMARK [1][-]{section.5.2}{\376\377\0005\000.\0002\000\040\000T\000h\000e\000\040\000C\000o\000r\000p\000u\000s\000\040\000a\000n\000d\000\040\000t\000h\000e\000\040\000F\000r\000o\000z\000e\000n\000\040\000B\000e\000n\000c\000h\000m\000a\000r\000k}{chapter.5}% 78
\BOOKMARK [2][-]{subsection.5.2.1}{\376\377\0005\000.\0002\000.\0001\000\040\000S\000t\000r\000u\000c\000t\000u\000r\000a\000l\000\040\000c\000o\000r\000p\000u\000s}{section.5.2}% 79
\BOOKMARK [2][-]{subsection.5.2.2}{\376\377\0005\000.\0002\000.\0002\000\040\000T\000h\000e\000\040\000m\000u\000l\000t\000i\000-\000r\000e\000v\000i\000e\000w\000e\000r\000\040\000v\000a\000l\000i\000d\000i\000t\000y\000\040\000g\000a\000t\000e}{section.5.2}% 80
\BOOKMARK [2][-]{subsection.5.2.3}{\376\377\0005\000.\0002\000.\0003\000\040\000W\000h\000a\000t\000\040\000t\000h\000e\000\040\000r\000e\000v\000i\000e\000w\000\040\000c\000h\000a\000n\000g\000e\000d}{section.5.2}% 81
\BOOKMARK [1][-]{section.5.3}{\376\377\0005\000.\0003\000\040\000R\000e\000t\000r\000i\000e\000v\000a\000l}{chapter.5}% 82
\BOOKMARK [2][-]{subsection.5.3.1}{\376\377\0005\000.\0003\000.\0001\000\040\000D\000e\000n\000s\000e\000\040\000e\000m\000b\000e\000d\000d\000i\000n\000g\000\040\000c\000o\000m\000p\000a\000r\000i\000s\000o\000n}{section.5.3}% 83
\BOOKMARK [2][-]{subsection.5.3.2}{\376\377\0005\000.\0003\000.\0002\000\040\000L\000e\000x\000i\000c\000a\000l\000,\000\040\000h\000y\000b\000r\000i\000d\000\040\000a\000n\000d\000\040\000r\000e\000r\000a\000n\000k\000e\000d\000\040\000r\000e\000t\000r\000i\000e\000v\000a\000l}{section.5.3}% 84
\BOOKMARK [2][-]{subsection.5.3.3}{\376\377\0005\000.\0003\000.\0003\000\040\000E\000f\000f\000e\000c\000t\000\040\000o\000f\000\040\000t\000h\000e\000\040\000r\000e\000v\000i\000e\000w\000\040\000o\000n\000\040\000m\000e\000a\000s\000u\000r\000e\000d\000\040\000p\000e\000r\000f\000o\000r\000m\000a\000n\000c\000e}{section.5.3}% 85
\BOOKMARK [2][-]{subsection.5.3.4}{\376\377\0005\000.\0003\000.\0004\000\040\000R\000e\000j\000e\000c\000t\000e\000d\000\040\000a\000l\000t\000e\000r\000n\000a\000t\000i\000v\000e\000s}{section.5.3}% 86
\BOOKMARK [1][-]{section.5.4}{\376\377\0005\000.\0004\000\040\000T\000h\000e\000\040\000T\000h\000r\000e\000e\000-\000S\000y\000s\000t\000e\000m\000\040\000B\000a\000s\000e\000l\000i\000n\000e\000,\000\040\000R\000e\000-\000s\000c\000o\000r\000e\000d}{chapter.5}% 87
\BOOKMARK [2][-]{subsection.5.4.1}{\376\377\0005\000.\0004\000.\0001\000\040\000W\000h\000a\000t\000\040\000t\000h\000e\000\040\000o\000r\000i\000g\000i\000n\000a\000l\000\040\000m\000e\000a\000s\000u\000r\000e\000\040\000c\000o\000u\000n\000t\000e\000d}{section.5.4}% 88
\BOOKMARK [2][-]{subsection.5.4.2}{\376\377\0005\000.\0004\000.\0002\000\040\000S\000c\000o\000p\000e}{section.5.4}% 89
\BOOKMARK [2][-]{subsection.5.4.3}{\376\377\0005\000.\0004\000.\0003\000\040\000R\000e\000s\000u\000l\000t\000s}{section.5.4}% 90
\BOOKMARK [1][-]{section.5.5}{\376\377\0005\000.\0005\000\040\000E\000v\000i\000d\000e\000n\000c\000e\000-\000C\000o\000n\000s\000t\000r\000a\000i\000n\000e\000d\000\040\000G\000e\000n\000e\000r\000a\000t\000i\000o\000n}{chapter.5}% 91
\BOOKMARK [2][-]{subsection.5.5.1}{\376\377\0005\000.\0005\000.\0001\000\040\000S\000c\000h\000e\000m\000a\000\040\000c\000o\000n\000f\000o\000r\000m\000a\000n\000c\000e\000\040\000i\000s\000\040\000n\000o\000t\000\040\000t\000h\000e\000\040\000p\000r\000o\000b\000l\000e\000m}{section.5.5}% 92
\BOOKMARK [2][-]{subsection.5.5.2}{\376\377\0005\000.\0005\000.\0002\000\040\000W\000h\000a\000t\000\040\000c\000o\000u\000n\000t\000s\000\040\000a\000s\000\040\000a\000\040\000v\000e\000r\000b\000a\000t\000i\000m\000\040\000q\000u\000o\000t\000e}{section.5.5}% 93
\BOOKMARK [2][-]{subsection.5.5.3}{\376\377\0005\000.\0005\000.\0003\000\040\000O\000n\000e\000\040\000p\000r\000o\000m\000p\000t\000\040\000r\000u\000l\000e\000,\000\040\000m\000e\000a\000s\000u\000r\000e\000d}{section.5.5}% 94
\BOOKMARK [2][-]{subsection.5.5.4}{\376\377\0005\000.\0005\000.\0004\000\040\000T\000h\000e\000\040\000f\000a\000i\000l\000u\000r\000e\000\040\000t\000h\000e\000\040\000f\000i\000x\000\040\000d\000i\000s\000p\000l\000a\000c\000e\000d}{section.5.5}% 95
\BOOKMARK [2][-]{subsection.5.5.5}{\376\377\0005\000.\0005\000.\0005\000\040\000T\000h\000e\000\040\000g\000e\000n\000e\000r\000a\000t\000o\000r\000\040\000n\000e\000v\000e\000r\000\040\000a\000b\000s\000t\000a\000i\000n\000s}{section.5.5}% 96
\BOOKMARK [1][-]{section.5.6}{\376\377\0005\000.\0006\000\040\000E\000s\000c\000a\000l\000a\000t\000i\000o\000n\000\040\000C\000a\000l\000i\000b\000r\000a\000t\000i\000o\000n}{chapter.5}% 97
\BOOKMARK [2][-]{subsection.5.6.1}{\376\377\0005\000.\0006\000.\0001\000\040\000T\000h\000e\000\040\000s\000a\000m\000p\000l\000e\000\040\000c\000a\000n\000n\000o\000t\000\040\000s\000u\000p\000p\000o\000r\000t\000\040\000a\000\040\000t\000h\000r\000e\000s\000h\000o\000l\000d}{section.5.6}% 98
\BOOKMARK [2][-]{subsection.5.6.2}{\376\377\0005\000.\0006\000.\0002\000\040\000H\000o\000w\000\040\000m\000u\000c\000h\000\040\000d\000a\000t\000a\000\040\000w\000o\000u\000l\000d\000\040\000b\000e\000\040\000r\000e\000q\000u\000i\000r\000e\000d}{section.5.6}% 99
\BOOKMARK [2][-]{subsection.5.6.3}{\376\377\0005\000.\0006\000.\0003\000\040\000T\000h\000e\000\040\000t\000w\000o\000\040\000f\000a\000i\000l\000u\000r\000e\000\040\000m\000o\000d\000e\000s\000\040\000a\000r\000e\000\040\000i\000n\000d\000e\000p\000e\000n\000d\000e\000n\000t}{section.5.6}% 100
\BOOKMARK [2][-]{subsection.5.6.4}{\376\377\0005\000.\0006\000.\0004\000\040\000T\000h\000e\000\040\000p\000o\000l\000i\000c\000y\000\040\000a\000s\000\040\000s\000p\000e\000c\000i\000f\000i\000e\000d}{section.5.6}% 101
\BOOKMARK [1][-]{section.5.7}{\376\377\0005\000.\0007\000\040\000T\000w\000o\000\040\000P\000r\000o\000p\000e\000r\000t\000i\000e\000s\000\040\000N\000o\000\040\000I\000n\000t\000e\000r\000n\000a\000l\000\040\000M\000e\000t\000r\000i\000c\000\040\000D\000e\000t\000e\000c\000t\000s}{chapter.5}% 102
\BOOKMARK [2][-]{subsection.5.7.1}{\376\377\0005\000.\0007\000.\0001\000\040\000C\000i\000t\000a\000t\000i\000o\000n\000\040\000l\000a\000b\000e\000l\000s\000\040\000a\000\040\000r\000e\000a\000d\000e\000r\000\040\000c\000a\000n\000n\000o\000t\000\040\000r\000e\000s\000o\000l\000v\000e}{section.5.7}% 103
\BOOKMARK [2][-]{subsection.5.7.2}{\376\377\0005\000.\0007\000.\0002\000\040\000T\000h\000e\000\040\000b\000e\000n\000c\000h\000m\000a\000r\000k\000\040\000c\000a\000n\000n\000o\000t\000\040\000d\000e\000m\000o\000n\000s\000t\000r\000a\000t\000e\000\040\000a\000n\000\040\000a\000g\000e\000n\000t\000'\000s\000\040\000b\000e\000n\000e\000f\000i\000t}{section.5.7}% 104
\BOOKMARK [1][-]{section.5.8}{\376\377\0005\000.\0008\000\040\000T\000h\000r\000e\000a\000t\000s\000\040\000t\000o\000\040\000V\000a\000l\000i\000d\000i\000t\000y}{chapter.5}% 105
\BOOKMARK [0][-]{chapter.6}{\376\377\0006\000\040\000C\000o\000n\000c\000l\000u\000s\000i\000o\000n}{}% 106
\BOOKMARK [1][-]{section.6.1}{\376\377\0006\000.\0001\000\040\000I\000n\000t\000e\000r\000i\000m\000\040\000A\000n\000s\000w\000e\000r\000\040\000t\000o\000\040\000t\000h\000e\000\040\000R\000e\000s\000e\000a\000r\000c\000h\000\040\000Q\000u\000e\000s\000t\000i\000o\000n}{chapter.6}% 107
\BOOKMARK [1][-]{section.6.2}{\376\377\0006\000.\0002\000\040\000C\000o\000n\000t\000r\000i\000b\000u\000t\000i\000o\000n\000s}{chapter.6}% 108
\BOOKMARK [1][-]{section.6.3}{\376\377\0006\000.\0003\000\040\000L\000i\000m\000i\000t\000a\000t\000i\000o\000n\000s}{chapter.6}% 109
\BOOKMARK [1][-]{section.6.4}{\376\377\0006\000.\0004\000\040\000F\000u\000t\000u\000r\000e\000\040\000W\000o\000r\000k}{chapter.6}% 110
\BOOKMARK [0][-]{chapter*.42}{\376\377\000B\000i\000b\000l\000i\000o\000g\000r\000a\000p\000h\000y}{}% 111
\BOOKMARK [0][-]{appendix.A}{\376\377\000A\000\040\000R\000e\000p\000r\000o\000d\000u\000c\000i\000b\000i\000l\000i\000t\000y\000\040\000A\000r\000t\000i\000f\000a\000c\000t\000s}{}% 112
\BOOKMARK [0][-]{appendix.B}{\376\377\000B\000\040\000G\000e\000n\000e\000r\000a\000t\000i\000v\000e\000\040\000A\000I\000\040\000U\000s\000e\000\040\000D\000i\000s\000c\000l\000o\000s\000u\000r\000e}{}% 113
\BOOKMARK [1][-]{section.B.1}{\376\377\000B\000.\0001\000\040\000R\000e\000s\000e\000a\000r\000c\000h\000-\000S\000y\000s\000t\000e\000m\000\040\000U\000s\000e}{appendix.B}% 114
\BOOKMARK [1][-]{section.B.2}{\376\377\000B\000.\0002\000\040\000D\000e\000v\000e\000l\000o\000p\000m\000e\000n\000t\000\040\000a\000n\000d\000\040\000W\000r\000i\000t\000i\000n\000g\000\040\000A\000s\000s\000i\000s\000t\000a\000n\000c\000e}{appendix.B}% 115
\BOOKMARK [1][-]{section.B.3}{\376\377\000B\000.\0003\000\040\000V\000e\000r\000i\000f\000i\000c\000a\000t\000i\000o\000n\000\040\000a\000n\000d\000\040\000R\000e\000s\000p\000o\000n\000s\000i\000b\000i\000l\000i\000t\000y}{appendix.B}% 116
\BOOKMARK [0][-]{appendix.C}{\376\377\000C\000\040\000I\000n\000d\000e\000p\000e\000n\000d\000e\000n\000t\000\040\000B\000e\000n\000c\000h\000m\000a\000r\000k\000\040\000R\000e\000v\000i\000e\000w\000\040\000P\000r\000o\000t\000o\000c\000o\000l}{}% 117
